../Core/Src/main.c:81:5:main	96	static
../Core/Src/main.c:148:6:SystemClock_Config	88	static
../Core/Src/main.c:195:13:MX_USART2_UART_Init	8	static
../Core/Src/main.c:226:13:MX_DMA_Init	16	static
../Core/Src/main.c:247:13:MX_GPIO_Init	48	static
../Core/Src/main.c:276:6:LEDMenu	8	static
../Core/Src/main.c:296:6:UARTDMA	8	static
../Core/Src/main.c:300:6:HAL_UART_RxCpltCallback	32	static
../Core/Src/main.c:332:6:LED_Control	8	static
../Core/Src/main.c:367:6:Button_Status	8	static
../Core/Src/main.c:395:6:Error_Handler	4	static,ignoring_inline_asm
